querying "Del Rey" (Penguin Random House)...
querying "Ace Books" (Penguin Random House)...
querying "DAW Books" (Penguin Random House)...
querying "Ballantine Books" (Penguin Random House)...
querying "Berkley" (Penguin Random House)...
querying "Penguin Random House" (Penguin Random House)...
  [in-window, pre-genre-filter] "White Nights" date=2026-03-03 categories=["Fiction"]
  [in-window, pre-genre-filter] "The Enchanted April" date=2026-01-08 categories=["Fiction"]
  [in-window, pre-genre-filter] "The Book of Imaginary Beings" date=2026-07-02 categories=["Fiction"]
  [in-window, pre-genre-filter] "Taipei People" date=2026-05-07 categories=["Fiction"]
  [in-window, pre-genre-filter] "Passing" date=2026-07-02 categories=["Fiction"]
querying "Harper Voyager" (HarperCollins)...
querying "Avon" (HarperCollins)...
querying "HarperCollins" (HarperCollins)...
querying "Saga Press" (Simon & Schuster)...
  [in-window, pre-genre-filter] "Songs of the Dead" date=2026-06-16 categories=["Fiction"]
  [in-window, pre-genre-filter] "River of Bones and Other Stories" date=2026-03-03 categories=["Fiction"]
  [in-window, pre-genre-filter] "The Found and the Lost" date=2026-06-09 categories=["Fiction"]
  [in-window, pre-genre-filter] "The Last Wizards' Ball" date=2026-03-31 categories=["Fiction"]
  [in-window, pre-genre-filter] "On Sundays She Picked Flowers" date=2026-01-27 categories=["Fiction"]
  [in-window, pre-genre-filter] "We Dance Upon Demons" date=2026-05-12 categories=["Fiction"]
  [in-window, pre-genre-filter] "The Sixth Nik" date=2026-06-23 categories=["Fiction"]
  [in-window, pre-genre-filter] "The Rainshadow Orphans" date=2026-05-26 categories=["Fiction"]
  [in-window, pre-genre-filter] "If We Cannot Go at the Speed of Light" date=2026-04-28 categories=["Fiction"]
  [in-window, pre-genre-filter] "The Photonic Effect" date=2026-04-21 categories=["Fiction"]
  [in-window, pre-genre-filter] "The Legend of the Nine-Tailed Fox" date=2026-02-24 categories=["Fiction"]
  [in-window, pre-genre-filter] "A Forsaken Prophecy" date=2026-07-21 categories=["Fiction"]
  [in-window, pre-genre-filter] "Samantha Spük: Paranormal Wedding Planner" date=2026-06-02 categories=["Fiction"]
  [in-window, pre-genre-filter] "The Killing Spell" date=2026-04-14 categories=["Fiction"]
  [in-window, pre-genre-filter] "A Forbidden Alchemy" date=2026-05-12 categories=["Fiction"]
  [in-window, pre-genre-filter] "Voidverse" date=2026-03-10 categories=["Fiction"]
querying "Gallery Books" (Simon & Schuster)...
  [in-window, pre-genre-filter] "View from the East Wing" date=2026-06-02 categories=["Biography & Autobiography"]
  [in-window, pre-genre-filter] "The Romance Revival" date=2026-07-14 categories=["Fiction"]
  [in-window, pre-genre-filter] "Every Version of You" date=2026-07-07 categories=["Fiction"]
  [in-window, pre-genre-filter] "Scandalized" date=2026-03-31 categories=["Fiction"]
querying "Simon & Schuster" (Simon & Schuster)...
  [in-window, pre-genre-filter] "Unsettling Salad!" date=2026-02-03 categories=["Juvenile Fiction"]
  [in-window, pre-genre-filter] "Regime Change" date=2026-06-23 categories=["Political Science"]
  [in-window, pre-genre-filter] "All Your Perfects / Finding Perfect Bind-up" date=2026-01-01 categories=["Fiction"]
querying "Orbit" (Hachette Book Group)...
querying "Redhook Books" (Hachette Book Group)...
querying "Hachette Book Group" (Hachette Book Group)...
querying "Tor Books" (Macmillan Publishers)...
querying "Tordotcom" (Macmillan Publishers)...
querying "Forge Books" (Macmillan Publishers)...
querying "Macmillan" (Macmillan Publishers)...
querying "Bloomsbury Publishing" (Bloomsbury Publishing)...
querying "Bloomsbury" (Bloomsbury Publishing)...
  [in-window, pre-genre-filter] "The Bloomsbury Companion to Political Philosophy" date=2026-02-05 categories=["Philosophy"]
  [in-window, pre-genre-filter] "The Bloomsbury Handbook of Hindu Ethics" date=2026-03-05 categories=["Religion"]

Total sci-fi titles 2026-01-01 to 2026-08-01: 0
